
  .   ____          _            __ _ _
 /\\ / ___'_ __ _ _(_)_ __  __ _ \ \ \ \
( ( )\___ | '_ | '_| | '_ \/ _` | \ \ \ \
 \\/  ___)| |_)| | | | | || (_| |  ) ) ) )
  '  |____| .__|_| |_|_| |_\__, | / / / /
 =========|_|==============|___/=/_/_/_/

 :: Spring Boot ::                (v4.1.1)

2026-08-29T23:07:43.024+07:00  INFO 76540 --- [           main] bench.BenchApplication                   : Starting BenchApplication v1.0.0 using Java 25.0.3 with PID 76540 (/Volumes/Workspace/project/rustlavel/benchmarks/apps/spring/target/spring-bench.jar started by galihlasahido in /Volumes/Workspace/project/rustlavel/benchmarks/apps/spring)
2026-08-29T23:07:43.026+07:00  INFO 76540 --- [           main] bench.BenchApplication                   : The following 1 profile is active: "production"
2026-08-29T23:07:43.375+07:00  INFO 76540 --- [           main] .s.d.r.c.RepositoryConfigurationDelegate : Bootstrapping Spring Data JDBC repositories in DEFAULT mode.
2026-08-29T23:07:43.387+07:00  INFO 76540 --- [           main] .s.d.r.c.RepositoryConfigurationDelegate : Finished Spring Data repository scanning in 8 ms. Found 0 JDBC repository interfaces.
2026-08-29T23:07:43.620+07:00  INFO 76540 --- [           main] o.s.boot.tomcat.TomcatWebServer          : Tomcat initialized with port 8080 (http)
2026-08-29T23:07:43.629+07:00  INFO 76540 --- [           main] o.apache.catalina.core.StandardService   : Starting service [Tomcat]
2026-08-29T23:07:43.629+07:00  INFO 76540 --- [           main] o.apache.catalina.core.StandardEngine    : Starting Servlet engine: [Apache Tomcat/11.0.24]
2026-08-29T23:07:43.645+07:00  INFO 76540 --- [           main] b.w.c.s.WebApplicationContextInitializer : Root WebApplicationContext: initialization completed in 591 ms
2026-08-29T23:07:43.877+07:00  INFO 76540 --- [           main] com.zaxxer.hikari.HikariDataSource       : bench - Starting...
2026-08-29T23:07:44.004+07:00  INFO 76540 --- [           main] com.zaxxer.hikari.pool.HikariPool        : bench - Added connection org.postgresql.jdbc.PgConnection@715a70e9
2026-08-29T23:07:44.004+07:00  INFO 76540 --- [           main] com.zaxxer.hikari.HikariDataSource       : bench - Start completed.
2026-08-29T23:07:44.097+07:00  INFO 76540 --- [           main] o.s.boot.tomcat.TomcatWebServer          : Tomcat started on port 8080 (http) with context path '/'
2026-08-29T23:07:44.106+07:00  INFO 76540 --- [           main] bench.BenchApplication                   : Started BenchApplication in 1.328 seconds (process running for 1.666)
2026-08-29T23:07:44.152+07:00  INFO 76540 --- [nio-8080-exec-1] o.a.c.c.C.[Tomcat].[localhost].[/]       : Initializing Spring DispatcherServlet 'dispatcherServlet'
2026-08-29T23:07:44.152+07:00  INFO 76540 --- [nio-8080-exec-1] o.s.web.servlet.DispatcherServlet        : Initializing Servlet 'dispatcherServlet'
2026-08-29T23:07:44.153+07:00  INFO 76540 --- [nio-8080-exec-1] o.s.web.servlet.DispatcherServlet        : Completed initialization in 1 ms
2026-08-29T23:12:00.066+07:00  INFO 76540 --- [ionShutdownHook] o.s.boot.tomcat.GracefulShutdown         : Commencing graceful shutdown. Waiting for active requests to complete
